
> veta-performance-tracker@0.1.0 build
> npx prisma generate && next build

node.exe : warn The 
configuration property 
`package.json#prisma` is 
deprecated and will be 
removed in Prisma 7. 
Please migrate to a Prisma 
config file (e.g., 
`prisma.config.ts`).
En línea: 1 Carácter: 1
+ & "C:\Program 
Files\nodejs/node.exe" 
"C:\Program 
Files\nodejs/node_mo ...
+ ~~~~~~~~~~~~~~~~~~~~~~~~~
~~~~~~~~~~~~~~~~~~~~~~~~~~~
~~~~~~~~~~~~~~~~~
    + CategoryInfo         
     : NotSpecified: (war  
  n The config...ma.conf   
 ig.ts`).:String) [], R    
emoteException
    + FullyQualifiedErrorI 
   d : NativeCommandError
 
For more information, see: 
https://pris.ly/prisma-conf
ig

Loaded Prisma config from 
prisma.config.ts.

warn The Prisma config 
file in prisma.config.ts 
overrides the deprecated 
`package.json#prisma` 
property in package.json.
  For more information, 
see: https://pris.ly/prisma
-config

Prisma config detected, 
skipping environment 
variable loading.
Prisma schema loaded from prisma\schema.prisma

Ô£ö Generated Prisma Client (v6.19.2) to .\node_modules\@prisma\client in 63ms

Start by importing your Prisma Client (See: https://pris.ly/d/importing-client)

Tip: Need your database queries to be 1000x faster? Accelerate offers you that and more: https://pris.ly/tip-2-accelerate

  Ôû▓ Next.js 14.2.35
  - Environments: .env

   Creating an optimized production build ...
<w> [webpack.cache.PackFile
CacheStrategy] Skipped not 
serializable cache item 'Co
mpilation/modules|C:\Users\
arter\.gemini\antigravity\s
cratch\veta-performance-tra
cker\node_modules\next\dist
\build\webpack\loaders\css-
loader\src\index.js??ruleSe
t[1].rules[14].oneOf[12].us
e[2]!C:\Users\arter\.gemini
\antigravity\scratch\veta-p
erformance-tracker\node_mod
ules\next\dist\build\webpac
k\loaders\postcss-loader\sr
c\index.js??ruleSet[1].rule
s[14].oneOf[12].use[3]!C:\U
sers\arter\.gemini\antigrav
ity\scratch\veta-performanc
e-tracker\src\app\globals.c
ss': No serializer 
registered for 
PostCSSSyntaxError
<w> while serializing webpa
ck/lib/cache/PackFileCacheS
trategy.PackContentItems 
-> 
webpack/lib/NormalModule 
-> webpack/lib/ModuleBuildE
rror -> PostCSSSyntaxError
Failed to compile.

./src/app/globals.css:182:5
Syntax error: C:\Users\arte
r\.gemini\antigravity\scrat
ch\veta-performance-tracker
\src\app\globals.css 
Unknown word

 [90m 180 | [39m / *    
 C u s t o m  
 S l i d e r  [36m [39m[
36m( M e n t a l  
 S t a t e )[39m     * / 
 [90m 181 | [39m . s l i 
d e r - m i n i m a l  
 [33m{[39m 
[1m[31m>[39m[22m[90m 
182 | [39m     - w e b k i
 t - a p p e a r a n c e [
33m:[39m  
 n o n e [33m;[39m 
 [90m     | [39m    
[1m[31m^[39m[22m
 [90m 183 | [39m     a p 
p e a r a n c e [33m:[39m
   n o n e [33m;[39m 
 [90m 184 | [39m     b a 
c k g r o u n d [33m:[39m
   t r a n s p a r e n t [
33m;[39m 

./src/app/globals.css
Syntax error: C:\Users\arte
r\.gemini\antigravity\scrat
ch\veta-performance-tracker
\src\app\globals.css 
Unknown word (182:5)

 [90m 180 | [39m / *    
 C u s t o m  
 S l i d e r  [36m [39m[
36m( M e n t a l  
 S t a t e )[39m     * / 
 [90m 181 | [39m . s l i 
d e r - m i n i m a l  
 [33m{[39m 
[1m[31m>[39m[22m[90m 
182 | [39m     - w e b k i
 t - a p p e a r a n c e [
33m:[39m  
 n o n e [33m;[39m 
 [90m     | [39m    
[1m[31m^[39m[22m
 [90m 183 | [39m     a p 
p e a r a n c e [33m:[39m
   n o n e [33m;[39m 
 [90m 184 | [39m     b a 
c k g r o u n d [33m:[39m
   t r a n s p a r e n t [
33m;[39m 

    at 
tryRunOrWebpackError (C:\Us
ers\arter\.gemini\antigravi
ty\scratch\veta-performance
-tracker\node_modules\next\
dist\compiled\webpack\bundl
e5.js:28:312989)
    at 
__webpack_require_module__ 
(C:\Users\arter\.gemini\ant
igravity\scratch\veta-perfo
rmance-tracker\node_modules
\next\dist\compiled\webpack
\bundle5.js:28:131165)
    at __nested_webpack_req
uire_153728__ (C:\Users\art
er\.gemini\antigravity\scra
tch\veta-performance-tracke
r\node_modules\next\dist\co
mpiled\webpack\bundle5.js:2
8:130607)
    at C:\Users\arter\.gemi
ni\antigravity\scratch\veta
-performance-tracker\node_m
odules\next\dist\compiled\w
ebpack\bundle5.js:28:131454
    at symbolIterator (C:\U
sers\arter\.gemini\antigrav
ity\scratch\veta-performanc
e-tracker\node_modules\next
\dist\compiled\neo-async\as
ync.js:1:14444)
    at done (C:\Users\arter
\.gemini\antigravity\scratc
h\veta-performance-tracker\
node_modules\next\dist\comp
iled\neo-async\async.js:1:1
4824)
    at Hook.eval [as 
callAsync] (eval at create 
(C:\Users\arter\.gemini\ant
igravity\scratch\veta-perfo
rmance-tracker\node_modules
\next\dist\compiled\webpack
\bundle5.js:13:28858), 
<anonymous>:15:1)
    at 
Hook.CALL_ASYNC_DELEGATE 
[as _callAsync] (C:\Users\a
rter\.gemini\antigravity\sc
ratch\veta-performance-trac
ker\node_modules\next\dist\
compiled\webpack\bundle5.js
:13:26012)
    at C:\Users\arter\.gemi
ni\antigravity\scratch\veta
-performance-tracker\node_m
odules\next\dist\compiled\w
ebpack\bundle5.js:28:130328
    at symbolIterator (C:\U
sers\arter\.gemini\antigrav
ity\scratch\veta-performanc
e-tracker\node_modules\next
\dist\compiled\neo-async\as
ync.js:1:14402)
-- inner error --
Syntax error: C:\Users\arte
r\.gemini\antigravity\scrat
ch\veta-performance-tracker
\src\app\globals.css 
Unknown word (182:5)

 [90m 180 | [39m / *    
 C u s t o m  
 S l i d e r  [36m [39m[
36m( M e n t a l  
 S t a t e )[39m     * / 
 [90m 181 | [39m . s l i 
d e r - m i n i m a l  
 [33m{[39m 
[1m[31m>[39m[22m[90m 
182 | [39m     - w e b k i
 t - a p p e a r a n c e [
33m:[39m  
 n o n e [33m;[39m 
 [90m     | [39m    
[1m[31m^[39m[22m
 [90m 183 | [39m     a p 
p e a r a n c e [33m:[39m
   n o n e [33m;[39m 
 [90m 184 | [39m     b a 
c k g r o u n d [33m:[39m
   t r a n s p a r e n t [
33m;[39m 

    at Object.<anonymous> (
C:\Users\arter\.gemini\anti
gravity\scratch\veta-perfor
mance-tracker\node_modules\
next\dist\build\webpack\loa
ders\css-loader\src\index.j
s??ruleSet[1].rules[14].one
Of[12].use[2]!C:\Users\arte
r\.gemini\antigravity\scrat
ch\veta-performance-tracker
\node_modules\next\dist\bui
ld\webpack\loaders\postcss-
loader\src\index.js??ruleSe
t[1].rules[14].oneOf[12].us
e[3]!C:\Users\arter\.gemini
\antigravity\scratch\veta-p
erformance-tracker\src\app\
globals.css:1:7)
    at C:\Users\arter\.gemi
ni\antigravity\scratch\veta
-performance-tracker\node_m
odules\next\dist\compiled\w
ebpack\bundle5.js:28:922493
    at Hook.eval [as call] 
(eval at create (C:\Users\a
rter\.gemini\antigravity\sc
ratch\veta-performance-trac
ker\node_modules\next\dist\
compiled\webpack\bundle5.js
:13:28636), 
<anonymous>:7:1)
    at Hook.CALL_DELEGATE 
[as _call] (C:\Users\arter\
.gemini\antigravity\scratch
\veta-performance-tracker\n
ode_modules\next\dist\compi
led\webpack\bundle5.js:13:2
5906)
    at C:\Users\arter\.gemi
ni\antigravity\scratch\veta
-performance-tracker\node_m
odules\next\dist\compiled\w
ebpack\bundle5.js:28:131198
    at 
tryRunOrWebpackError (C:\Us
ers\arter\.gemini\antigravi
ty\scratch\veta-performance
-tracker\node_modules\next\
dist\compiled\webpack\bundl
e5.js:28:312943)
    at 
__webpack_require_module__ 
(C:\Users\arter\.gemini\ant
igravity\scratch\veta-perfo
rmance-tracker\node_modules
\next\dist\compiled\webpack
\bundle5.js:28:131165)
    at __nested_webpack_req
uire_153728__ (C:\Users\art
er\.gemini\antigravity\scra
tch\veta-performance-tracke
r\node_modules\next\dist\co
mpiled\webpack\bundle5.js:2
8:130607)
    at C:\Users\arter\.gemi
ni\antigravity\scratch\veta
-performance-tracker\node_m
odules\next\dist\compiled\w
ebpack\bundle5.js:28:131454
    at symbolIterator (C:\U
sers\arter\.gemini\antigrav
ity\scratch\veta-performanc
e-tracker\node_modules\next
\dist\compiled\neo-async\as
ync.js:1:14444)

Generated code for C:\Users
\arter\.gemini\antigravity\
scratch\veta-performance-tr
acker\node_modules\next\dis
t\build\webpack\loaders\css
-loader\src\index.js??ruleS
et[1].rules[14].oneOf[12].u
se[2]!C:\Users\arter\.gemin
i\antigravity\scratch\veta-
performance-tracker\node_mo
dules\next\dist\build\webpa
ck\loaders\postcss-loader\s
rc\index.js??ruleSet[1].rul
es[14].oneOf[12].use[3]!C:\
Users\arter\.gemini\antigra
vity\scratch\veta-performan
ce-tracker\src\app\globals.
css

Import trace for requested 
module:
./src/app/globals.css


> Build failed because of 
webpack errors
